Component: Arm Compiler for Embedded 6.19 Tool: armlink [5e73cb00]

==============================================================================

Section Cross References

    stm32f103xx_gpio_driver.o(.ARM.exidx.text.GPIO_PeripClockControl) refers to stm32f103xx_gpio_driver.o(.text.GPIO_PeripClockControl) for [Anonymous Symbol]
    stm32f103xx_gpio_driver.o(.ARM.exidx.text.GPIO_Initialize) refers to stm32f103xx_gpio_driver.o(.text.GPIO_Initialize) for [Anonymous Symbol]
    stm32f103xx_gpio_driver.o(.ARM.exidx.text.GPIO_DeInitialize) refers to stm32f103xx_gpio_driver.o(.text.GPIO_DeInitialize) for [Anonymous Symbol]
    stm32f103xx_gpio_driver.o(.ARM.exidx.text.GPIO_ReadFromInputPin) refers to stm32f103xx_gpio_driver.o(.text.GPIO_ReadFromInputPin) for [Anonymous Symbol]
    stm32f103xx_gpio_driver.o(.ARM.exidx.text.GPIO_ReadFromInputPort) refers to stm32f103xx_gpio_driver.o(.text.GPIO_ReadFromInputPort) for [Anonymous Symbol]
    stm32f103xx_gpio_driver.o(.ARM.exidx.text.GPIO_WriteToOutputPin) refers to stm32f103xx_gpio_driver.o(.text.GPIO_WriteToOutputPin) for [Anonymous Symbol]
    stm32f103xx_gpio_driver.o(.ARM.exidx.text.GPIO_WriteToOutputPort) refers to stm32f103xx_gpio_driver.o(.text.GPIO_WriteToOutputPort) for [Anonymous Symbol]
    stm32f103xx_gpio_driver.o(.ARM.exidx.text.GPIO_ToggleOutputPin) refers to stm32f103xx_gpio_driver.o(.text.GPIO_ToggleOutputPin) for [Anonymous Symbol]
    stm32f103xx_gpio_driver.o(.ARM.exidx.text.GPIO_IRQConfig) refers to stm32f103xx_gpio_driver.o(.text.GPIO_IRQConfig) for [Anonymous Symbol]
    stm32f103xx_gpio_driver.o(.ARM.exidx.text.GPIO_IRQHandling) refers to stm32f103xx_gpio_driver.o(.text.GPIO_IRQHandling) for [Anonymous Symbol]
    stm32f103xx_gpio_driver.o(.ARM.exidx.text.GPIO_IRQ_PriorityConfig) refers to stm32f103xx_gpio_driver.o(.text.GPIO_IRQ_PriorityConfig) for [Anonymous Symbol]
    main.o(.text.main) refers to main.o(.text.MX_GPIO_Config) for MX_GPIO_Config
    main.o(.text.main) refers to lcdfunctions.o(.text.LCDBegin) for LCDBegin
    main.o(.text.main) refers to lcdfunctions.o(.text.LCDSetCursorPosition) for LCDSetCursorPosition
    main.o(.text.main) refers to main.o(.rodata.FSM) for FSM
    main.o(.text.main) refers to main.o(.bss.AllRed) for AllRed
    main.o(.text.main) refers to main.o(.bss.GreenSouth) for GreenSouth
    main.o(.text.main) refers to main.o(.bss.GreenWest) for GreenWest
    main.o(.text.main) refers to main.o(.bss.GreenWalk) for GreenWalk
    main.o(.text.main) refers to main.o(.bss.Input) for Input
    main.o(.text.main) refers to main.o(.bss.BeforeInput) for BeforeInput
    main.o(.text.main) refers to main.o(.text.DelayMilisec) for DelayMilisec
    main.o(.ARM.exidx.text.main) refers to main.o(.text.main) for [Anonymous Symbol]
    main.o(.text.MX_GPIO_Config) refers to stm32f103xx_gpio_driver.o(.text.GPIO_PeripClockControl) for GPIO_PeripClockControl
    main.o(.text.MX_GPIO_Config) refers to stm32f103xx_gpio_driver.o(.text.GPIO_Initialize) for GPIO_Initialize
    main.o(.text.MX_GPIO_Config) refers to stm32f103xx_gpio_driver.o(.text.GPIO_IRQConfig) for GPIO_IRQConfig
    main.o(.text.MX_GPIO_Config) refers to stm32f103xx_gpio_driver.o(.text.GPIO_IRQ_PriorityConfig) for GPIO_IRQ_PriorityConfig
    main.o(.ARM.exidx.text.MX_GPIO_Config) refers to main.o(.text.MX_GPIO_Config) for [Anonymous Symbol]
    main.o(.text.EXTI9_5_IRQHandler) refers to stm32f103xx_gpio_driver.o(.text.GPIO_IRQHandling) for GPIO_IRQHandling
    main.o(.text.EXTI9_5_IRQHandler) refers to main.o(.bss.Input) for Input
    main.o(.ARM.exidx.text.EXTI9_5_IRQHandler) refers to main.o(.text.EXTI9_5_IRQHandler) for [Anonymous Symbol]
    main.o(.text.DelayMilisec) refers to main.o(.bss.GreenSouth) for GreenSouth
    main.o(.text.DelayMilisec) refers to main.o(.bss.GreenWalk) for GreenWalk
    main.o(.text.DelayMilisec) refers to main.o(.bss.GreenWest) for GreenWest
    main.o(.text.DelayMilisec) refers to main.o(.bss.Counter) for Counter
    main.o(.text.DelayMilisec) refers to lcdfunctions.o(.text.LCDSetCursorPosition) for LCDSetCursorPosition
    main.o(.text.DelayMilisec) refers to lcdfunctions.o(.text.LCDSendInteger) for LCDSendInteger
    main.o(.text.DelayMilisec) refers to main.o(.bss.Input) for Input
    main.o(.text.DelayMilisec) refers to main.o(.bss.BeforeInput) for BeforeInput
    main.o(.text.DelayMilisec) refers to main.o(.rodata.str1.1) for .L.str
    main.o(.text.DelayMilisec) refers to lcdfunctions.o(.text.LCDSendString) for LCDSendString
    main.o(.text.DelayMilisec) refers to main.o(.bss.AllRed) for AllRed
    main.o(.ARM.exidx.text.DelayMilisec) refers to main.o(.text.DelayMilisec) for [Anonymous Symbol]
    lcdfunctions.o(.ARM.exidx.text.NotExactDelay) refers to lcdfunctions.o(.text.NotExactDelay) for [Anonymous Symbol]
    lcdfunctions.o(.text.SetPinandPortForOutputPushPull) refers to lcdfunctions.o(.data.pinpos) for pinpos
    lcdfunctions.o(.ARM.exidx.text.SetPinandPortForOutputPushPull) refers to lcdfunctions.o(.text.SetPinandPortForOutputPushPull) for [Anonymous Symbol]
    lcdfunctions.o(.text.InitializingPortsForLCD) refers to lcdfunctions.o(.text.SetPinandPortForOutputPushPull) for SetPinandPortForOutputPushPull
    lcdfunctions.o(.ARM.exidx.text.InitializingPortsForLCD) refers to lcdfunctions.o(.text.InitializingPortsForLCD) for [Anonymous Symbol]
    lcdfunctions.o(.ARM.exidx.text.SendBitToPortandPin) refers to lcdfunctions.o(.text.SendBitToPortandPin) for [Anonymous Symbol]
    lcdfunctions.o(.text.LCDEnable) refers to lcdfunctions.o(.text.NotExactDelay) for NotExactDelay
    lcdfunctions.o(.text.LCDEnable) refers to lcdfunctions.o(.text.SendBitToPortandPin) for SendBitToPortandPin
    lcdfunctions.o(.ARM.exidx.text.LCDEnable) refers to lcdfunctions.o(.text.LCDEnable) for [Anonymous Symbol]
    lcdfunctions.o(.text.LCDSetToWrite) refers to lcdfunctions.o(.text.SendBitToPortandPin) for SendBitToPortandPin
    lcdfunctions.o(.ARM.exidx.text.LCDSetToWrite) refers to lcdfunctions.o(.text.LCDSetToWrite) for [Anonymous Symbol]
    lcdfunctions.o(.text.LCDSetToRead) refers to lcdfunctions.o(.text.SendBitToPortandPin) for SendBitToPortandPin
    lcdfunctions.o(.ARM.exidx.text.LCDSetToRead) refers to lcdfunctions.o(.text.LCDSetToRead) for [Anonymous Symbol]
    lcdfunctions.o(.text.LCDCommandMode) refers to lcdfunctions.o(.text.SendBitToPortandPin) for SendBitToPortandPin
    lcdfunctions.o(.ARM.exidx.text.LCDCommandMode) refers to lcdfunctions.o(.text.LCDCommandMode) for [Anonymous Symbol]
    lcdfunctions.o(.text.LCDCharacterMode) refers to lcdfunctions.o(.text.SendBitToPortandPin) for SendBitToPortandPin
    lcdfunctions.o(.ARM.exidx.text.LCDCharacterMode) refers to lcdfunctions.o(.text.LCDCharacterMode) for [Anonymous Symbol]
    lcdfunctions.o(.text.LCDByte) refers to lcdfunctions.o(.text.NotExactDelay) for NotExactDelay
    lcdfunctions.o(.text.LCDByte) refers to lcdfunctions.o(.text.SendBitToPortandPin) for SendBitToPortandPin
    lcdfunctions.o(.ARM.exidx.text.LCDByte) refers to lcdfunctions.o(.text.LCDByte) for [Anonymous Symbol]
    lcdfunctions.o(.text.LCDSendCharacter) refers to lcdfunctions.o(.text.LCDSetToWrite) for LCDSetToWrite
    lcdfunctions.o(.text.LCDSendCharacter) refers to lcdfunctions.o(.text.LCDCharacterMode) for LCDCharacterMode
    lcdfunctions.o(.text.LCDSendCharacter) refers to lcdfunctions.o(.text.LCDEnable) for LCDEnable
    lcdfunctions.o(.text.LCDSendCharacter) refers to lcdfunctions.o(.text.LCDByte) for LCDByte
    lcdfunctions.o(.text.LCDSendCharacter) refers to lcdfunctions.o(.text.NotExactDelay) for NotExactDelay
    lcdfunctions.o(.ARM.exidx.text.LCDSendCharacter) refers to lcdfunctions.o(.text.LCDSendCharacter) for [Anonymous Symbol]
    lcdfunctions.o(.text.LCDSendCommand) refers to lcdfunctions.o(.text.LCDSetToWrite) for LCDSetToWrite
    lcdfunctions.o(.text.LCDSendCommand) refers to lcdfunctions.o(.text.LCDCommandMode) for LCDCommandMode
    lcdfunctions.o(.text.LCDSendCommand) refers to lcdfunctions.o(.text.LCDEnable) for LCDEnable
    lcdfunctions.o(.text.LCDSendCommand) refers to lcdfunctions.o(.text.LCDByte) for LCDByte
    lcdfunctions.o(.text.LCDSendCommand) refers to lcdfunctions.o(.text.NotExactDelay) for NotExactDelay
    lcdfunctions.o(.ARM.exidx.text.LCDSendCommand) refers to lcdfunctions.o(.text.LCDSendCommand) for [Anonymous Symbol]
    lcdfunctions.o(.text.LCDClear) refers to lcdfunctions.o(.text.LCDSendCommand) for LCDSendCommand
    lcdfunctions.o(.text.LCDClear) refers to lcdfunctions.o(.text.NotExactDelay) for NotExactDelay
    lcdfunctions.o(.ARM.exidx.text.LCDClear) refers to lcdfunctions.o(.text.LCDClear) for [Anonymous Symbol]
    lcdfunctions.o(.text.LCDBegin) refers to lcdfunctions.o(.text.InitializingPortsForLCD) for InitializingPortsForLCD
    lcdfunctions.o(.text.LCDBegin) refers to lcdfunctions.o(.text.LCDSendCommand) for LCDSendCommand
    lcdfunctions.o(.text.LCDBegin) refers to lcdfunctions.o(.text.LCDClear) for LCDClear
    lcdfunctions.o(.ARM.exidx.text.LCDBegin) refers to lcdfunctions.o(.text.LCDBegin) for [Anonymous Symbol]
    lcdfunctions.o(.text.LCDSendString) refers to lcdfunctions.o(.text.LCDSendCharacter) for LCDSendCharacter
    lcdfunctions.o(.ARM.exidx.text.LCDSendString) refers to lcdfunctions.o(.text.LCDSendString) for [Anonymous Symbol]
    lcdfunctions.o(.text.LCDSendInteger) refers to lcdfunctions.o(.rodata.str1.1) for .L.str
    lcdfunctions.o(.text.LCDSendInteger) refers to printfa.o(i.__0sprintf) for sprintf
    lcdfunctions.o(.text.LCDSendInteger) refers to lcdfunctions.o(.text.LCDSendString) for LCDSendString
    lcdfunctions.o(.ARM.exidx.text.LCDSendInteger) refers to lcdfunctions.o(.text.LCDSendInteger) for [Anonymous Symbol]
    lcdfunctions.o(.text.LCDSendFloat) refers to f2d.o(.text) for __aeabi_f2d
    lcdfunctions.o(.text.LCDSendFloat) refers to lcdfunctions.o(.rodata.str1.1) for .L.str.2
    lcdfunctions.o(.text.LCDSendFloat) refers to printfa.o(i.__0sprintf) for sprintf
    lcdfunctions.o(.text.LCDSendFloat) refers to lcdfunctions.o(.text.LCDSendString) for LCDSendString
    lcdfunctions.o(.ARM.exidx.text.LCDSendFloat) refers to lcdfunctions.o(.text.LCDSendFloat) for [Anonymous Symbol]
    lcdfunctions.o(.text.LCDCursorPositionBitCheck) refers to lcdfunctions.o(.text.LCDSendCommand) for LCDSendCommand
    lcdfunctions.o(.text.LCDCursorPositionBitCheck) refers to lcdfunctions.o(.text.LCDSendCharacter) for LCDSendCharacter
    lcdfunctions.o(.text.LCDCursorPositionBitCheck) refers to lcdfunctions.o(.text.NotExactDelay) for NotExactDelay
    lcdfunctions.o(.text.LCDCursorPositionBitCheck) refers to lcdfunctions.o(.text.LCDClear) for LCDClear
    lcdfunctions.o(.ARM.exidx.text.LCDCursorPositionBitCheck) refers to lcdfunctions.o(.text.LCDCursorPositionBitCheck) for [Anonymous Symbol]
    lcdfunctions.o(.text.LCDSetCursorPosition) refers to lcdfunctions.o(.text.LCDSendCommand) for LCDSendCommand
    lcdfunctions.o(.ARM.exidx.text.LCDSetCursorPosition) refers to lcdfunctions.o(.text.LCDSetCursorPosition) for [Anonymous Symbol]
    startup_stm32f10x_md.o(RESET) refers to startup_stm32f10x_md.o(STACK) for __initial_sp
    startup_stm32f10x_md.o(RESET) refers to startup_stm32f10x_md.o(.text) for Reset_Handler
    startup_stm32f10x_md.o(RESET) refers to main.o(.text.EXTI9_5_IRQHandler) for EXTI9_5_IRQHandler
    startup_stm32f10x_md.o(.text) refers to system_stm32f10x.o(.text.SystemInit) for SystemInit
    startup_stm32f10x_md.o(.text) refers to entry.o(.ARM.Collect$$$$00000000) for __main
    system_stm32f10x.o(.text.SystemInit) refers to system_stm32f10x.o(.text.SetSysClock) for SetSysClock
    system_stm32f10x.o(.ARM.exidx.text.SystemInit) refers to system_stm32f10x.o(.text.SystemInit) for [Anonymous Symbol]
    system_stm32f10x.o(.text.SetSysClock) refers to system_stm32f10x.o(.text.SetSysClockTo72) for SetSysClockTo72
    system_stm32f10x.o(.ARM.exidx.text.SetSysClock) refers to system_stm32f10x.o(.text.SetSysClock) for [Anonymous Symbol]
    system_stm32f10x.o(.text.SystemCoreClockUpdate) refers to system_stm32f10x.o(.data.SystemCoreClock) for SystemCoreClock
    system_stm32f10x.o(.text.SystemCoreClockUpdate) refers to system_stm32f10x.o(.rodata.AHBPrescTable) for AHBPrescTable
    system_stm32f10x.o(.ARM.exidx.text.SystemCoreClockUpdate) refers to system_stm32f10x.o(.text.SystemCoreClockUpdate) for [Anonymous Symbol]
    system_stm32f10x.o(.ARM.exidx.text.SetSysClockTo72) refers to system_stm32f10x.o(.text.SetSysClockTo72) for [Anonymous Symbol]
    entry.o(.ARM.Collect$$$$00000000) refers (Special) to entry10a.o(.ARM.Collect$$$$0000000D) for __rt_final_cpp
    entry.o(.ARM.Collect$$$$00000000) refers (Special) to entry11a.o(.ARM.Collect$$$$0000000F) for __rt_final_exit
    entry.o(.ARM.Collect$$$$00000000) refers (Special) to entry7b.o(.ARM.Collect$$$$00000008) for _main_clock
    entry.o(.ARM.Collect$$$$00000000) refers (Special) to entry8b.o(.ARM.Collect$$$$0000000A) for _main_cpp_init
    entry.o(.ARM.Collect$$$$00000000) refers (Special) to entry9a.o(.ARM.Collect$$$$0000000B) for _main_init
    entry.o(.ARM.Collect$$$$00000000) refers (Special) to entry5.o(.ARM.Collect$$$$00000004) for _main_scatterload
    entry.o(.ARM.Collect$$$$00000000) refers (Special) to entry2.o(.ARM.Collect$$$$00000001) for _main_stk
    printfa.o(i.__0fprintf) refers (Special) to iusefp.o(.text) for __I$use$fp
    printfa.o(i.__0fprintf) refers to printfa.o(i._printf_core) for _printf_core
    printfa.o(i.__0fprintf) refers to fputc.o(i.fputc) for fputc
    printfa.o(i.__0printf) refers (Special) to iusefp.o(.text) for __I$use$fp
    printfa.o(i.__0printf) refers to printfa.o(i._printf_core) for _printf_core
    printfa.o(i.__0printf) refers to fputc.o(i.fputc) for fputc
    printfa.o(i.__0printf) refers to stdout.o(.data) for __stdout
    printfa.o(i.__0snprintf) refers (Special) to iusefp.o(.text) for __I$use$fp
    printfa.o(i.__0snprintf) refers to printfa.o(i._printf_core) for _printf_core
    printfa.o(i.__0snprintf) refers to printfa.o(i._snputc) for _snputc
    printfa.o(i.__0sprintf) refers (Special) to iusefp.o(.text) for __I$use$fp
    printfa.o(i.__0sprintf) refers to printfa.o(i._printf_core) for _printf_core
    printfa.o(i.__0sprintf) refers to printfa.o(i._sputc) for _sputc
    printfa.o(i.__0vfprintf) refers (Special) to iusefp.o(.text) for __I$use$fp
    printfa.o(i.__0vfprintf) refers to printfa.o(i._printf_core) for _printf_core
    printfa.o(i.__0vfprintf) refers to fputc.o(i.fputc) for fputc
    printfa.o(i.__0vprintf) refers (Special) to iusefp.o(.text) for __I$use$fp
    printfa.o(i.__0vprintf) refers to printfa.o(i._printf_core) for _printf_core
    printfa.o(i.__0vprintf) refers to fputc.o(i.fputc) for fputc
    printfa.o(i.__0vprintf) refers to stdout.o(.data) for __stdout
    printfa.o(i.__0vsnprintf) refers (Special) to iusefp.o(.text) for __I$use$fp
    printfa.o(i.__0vsnprintf) refers to printfa.o(i._printf_core) for _printf_core
    printfa.o(i.__0vsnprintf) refers to printfa.o(i._snputc) for _snputc
    printfa.o(i.__0vsprintf) refers (Special) to iusefp.o(.text) for __I$use$fp
    printfa.o(i.__0vsprintf) refers to printfa.o(i._printf_core) for _printf_core
    printfa.o(i.__0vsprintf) refers to printfa.o(i._sputc) for _sputc
    printfa.o(i._fp_digits) refers (Special) to iusefp.o(.text) for __I$use$fp
    printfa.o(i._fp_digits) refers to dmul.o(.text) for __aeabi_dmul
    printfa.o(i._fp_digits) refers to ddiv.o(.text) for __aeabi_ddiv
    printfa.o(i._fp_digits) refers to cdrcmple.o(.text) for __aeabi_cdrcmple
    printfa.o(i._fp_digits) refers to dadd.o(.text) for __aeabi_dadd
    printfa.o(i._fp_digits) refers to dfixul.o(.text) for __aeabi_d2ulz
    printfa.o(i._fp_digits) refers to uldiv.o(.text) for __aeabi_uldivmod
    printfa.o(i._printf_core) refers (Special) to iusefp.o(.text) for __I$use$fp
    printfa.o(i._printf_core) refers to printfa.o(i._printf_pre_padding) for _printf_pre_padding
    printfa.o(i._printf_core) refers to uldiv.o(.text) for __aeabi_uldivmod
    printfa.o(i._printf_core) refers to printfa.o(i._printf_post_padding) for _printf_post_padding
    printfa.o(i._printf_core) refers to printfa.o(i._fp_digits) for _fp_digits
    printfa.o(i._printf_core) refers to uidiv.o(.text) for __aeabi_uidivmod
    printfa.o(i._printf_post_padding) refers (Special) to iusefp.o(.text) for __I$use$fp
    printfa.o(i._printf_pre_padding) refers (Special) to iusefp.o(.text) for __I$use$fp
    printfa.o(i._snputc) refers (Special) to iusefp.o(.text) for __I$use$fp
    printfa.o(i._sputc) refers (Special) to iusefp.o(.text) for __I$use$fp
    f2d.o(.text) refers (Special) to iusefp.o(.text) for __I$use$fp
    entry2.o(.ARM.Collect$$$$00000001) refers to entry2.o(.ARM.Collect$$$$00002712) for __lit__00000000
    entry2.o(.ARM.Collect$$$$00002712) refers to startup_stm32f10x_md.o(STACK) for __initial_sp
    entry2.o(__vectab_stack_and_reset_area) refers to startup_stm32f10x_md.o(STACK) for __initial_sp
    entry2.o(__vectab_stack_and_reset_area) refers to entry.o(.ARM.Collect$$$$00000000) for __main
    entry5.o(.ARM.Collect$$$$00000004) refers to init.o(.text) for __scatterload
    entry9a.o(.ARM.Collect$$$$0000000B) refers to main.o(.text.main) for main
    entry9b.o(.ARM.Collect$$$$0000000C) refers to main.o(.text.main) for main
    fputc.o(i.fputc) refers (Special) to iusesemip.o(.text) for __I$use$semihosting$fputc
    fputc.o(i.fputc) refers (Special) to semi.o(.text) for __semihosting_library_function
    fputc_h.o(i._fputc$hlt) refers (Special) to iusesemip.o(.text) for __I$use$semihosting$fputc
    fputc_h.o(i._fputc$hlt) refers (Special) to semi.o(.text) for __semihosting_library_function
    uldiv.o(.text) refers to llushr.o(.text) for __aeabi_llsr
    uldiv.o(.text) refers to llshl.o(.text) for __aeabi_llsl
    dadd.o(.text) refers (Special) to iusefp.o(.text) for __I$use$fp
    dadd.o(.text) refers to llshl.o(.text) for __aeabi_llsl
    dadd.o(.text) refers to llsshr.o(.text) for __aeabi_lasr
    dadd.o(.text) refers to depilogue.o(.text) for _double_epilogue
    dmul.o(.text) refers (Special) to iusefp.o(.text) for __I$use$fp
    dmul.o(.text) refers to depilogue.o(.text) for _double_epilogue
    ddiv.o(.text) refers (Special) to iusefp.o(.text) for __I$use$fp
    ddiv.o(.text) refers to depilogue.o(.text) for _double_round
    dfixul.o(.text) refers (Special) to iusefp.o(.text) for __I$use$fp
    dfixul.o(.text) refers to llushr.o(.text) for __aeabi_llsr
    dfixul.o(.text) refers to llshl.o(.text) for __aeabi_llsl
    cdrcmple.o(.text) refers (Special) to iusefp.o(.text) for __I$use$fp
    init.o(.text) refers to entry5.o(.ARM.Collect$$$$00000004) for __main_after_scatterload
    depilogue.o(.text) refers (Special) to iusefp.o(.text) for __I$use$fp
    depilogue.o(.text) refers to llshl.o(.text) for __aeabi_llsl
    depilogue.o(.text) refers to llushr.o(.text) for __aeabi_llsr


==============================================================================

Removing Unused input sections from the image.

    Removing stm32f103xx_gpio_driver.o(.text), (0 bytes).
    Removing stm32f103xx_gpio_driver.o(.ARM.exidx.text.GPIO_PeripClockControl), (8 bytes).
    Removing stm32f103xx_gpio_driver.o(.ARM.exidx.text.GPIO_Initialize), (8 bytes).
    Removing stm32f103xx_gpio_driver.o(.text.GPIO_DeInitialize), (198 bytes).
    Removing stm32f103xx_gpio_driver.o(.ARM.exidx.text.GPIO_DeInitialize), (8 bytes).
    Removing stm32f103xx_gpio_driver.o(.text.GPIO_ReadFromInputPin), (30 bytes).
    Removing stm32f103xx_gpio_driver.o(.ARM.exidx.text.GPIO_ReadFromInputPin), (8 bytes).
    Removing stm32f103xx_gpio_driver.o(.text.GPIO_ReadFromInputPort), (16 bytes).
    Removing stm32f103xx_gpio_driver.o(.ARM.exidx.text.GPIO_ReadFromInputPort), (8 bytes).
    Removing stm32f103xx_gpio_driver.o(.text.GPIO_WriteToOutputPin), (62 bytes).
    Removing stm32f103xx_gpio_driver.o(.ARM.exidx.text.GPIO_WriteToOutputPin), (8 bytes).
    Removing stm32f103xx_gpio_driver.o(.text.GPIO_WriteToOutputPort), (16 bytes).
    Removing stm32f103xx_gpio_driver.o(.ARM.exidx.text.GPIO_WriteToOutputPort), (8 bytes).
    Removing stm32f103xx_gpio_driver.o(.text.GPIO_ToggleOutputPin), (30 bytes).
    Removing stm32f103xx_gpio_driver.o(.ARM.exidx.text.GPIO_ToggleOutputPin), (8 bytes).
    Removing stm32f103xx_gpio_driver.o(.ARM.exidx.text.GPIO_IRQConfig), (8 bytes).
    Removing stm32f103xx_gpio_driver.o(.ARM.exidx.text.GPIO_IRQHandling), (8 bytes).
    Removing stm32f103xx_gpio_driver.o(.ARM.exidx.text.GPIO_IRQ_PriorityConfig), (8 bytes).
    Removing main.o(.text), (0 bytes).
    Removing main.o(.ARM.exidx.text.main), (8 bytes).
    Removing main.o(.ARM.exidx.text.MX_GPIO_Config), (8 bytes).
    Removing main.o(.ARM.exidx.text.EXTI9_5_IRQHandler), (8 bytes).
    Removing main.o(.ARM.exidx.text.DelayMilisec), (8 bytes).
    Removing main.o(.ARM.use_no_argv), (4 bytes).
    Removing lcdfunctions.o(.text), (0 bytes).
    Removing lcdfunctions.o(.ARM.exidx.text.NotExactDelay), (8 bytes).
    Removing lcdfunctions.o(.ARM.exidx.text.SetPinandPortForOutputPushPull), (8 bytes).
    Removing lcdfunctions.o(.ARM.exidx.text.InitializingPortsForLCD), (8 bytes).
    Removing lcdfunctions.o(.ARM.exidx.text.SendBitToPortandPin), (8 bytes).
    Removing lcdfunctions.o(.ARM.exidx.text.LCDEnable), (8 bytes).
    Removing lcdfunctions.o(.ARM.exidx.text.LCDSetToWrite), (8 bytes).
    Removing lcdfunctions.o(.text.LCDSetToRead), (20 bytes).
    Removing lcdfunctions.o(.ARM.exidx.text.LCDSetToRead), (8 bytes).
    Removing lcdfunctions.o(.ARM.exidx.text.LCDCommandMode), (8 bytes).
    Removing lcdfunctions.o(.ARM.exidx.text.LCDCharacterMode), (8 bytes).
    Removing lcdfunctions.o(.ARM.exidx.text.LCDByte), (8 bytes).
    Removing lcdfunctions.o(.ARM.exidx.text.LCDSendCharacter), (8 bytes).
    Removing lcdfunctions.o(.ARM.exidx.text.LCDSendCommand), (8 bytes).
    Removing lcdfunctions.o(.ARM.exidx.text.LCDClear), (8 bytes).
    Removing lcdfunctions.o(.ARM.exidx.text.LCDBegin), (8 bytes).
    Removing lcdfunctions.o(.ARM.exidx.text.LCDSendString), (8 bytes).
    Removing lcdfunctions.o(.ARM.exidx.text.LCDSendInteger), (8 bytes).
    Removing lcdfunctions.o(.text.LCDSendFloat), (94 bytes).
    Removing lcdfunctions.o(.ARM.exidx.text.LCDSendFloat), (8 bytes).
    Removing lcdfunctions.o(.text.LCDCursorPositionBitCheck), (94 bytes).
    Removing lcdfunctions.o(.ARM.exidx.text.LCDCursorPositionBitCheck), (8 bytes).
    Removing lcdfunctions.o(.ARM.exidx.text.LCDSetCursorPosition), (8 bytes).
    Removing startup_stm32f10x_md.o(HEAP), (512 bytes).
    Removing system_stm32f10x.o(.text), (0 bytes).
    Removing system_stm32f10x.o(.ARM.exidx.text.SystemInit), (8 bytes).
    Removing system_stm32f10x.o(.ARM.exidx.text.SetSysClock), (8 bytes).
    Removing system_stm32f10x.o(.text.SystemCoreClockUpdate), (290 bytes).
    Removing system_stm32f10x.o(.ARM.exidx.text.SystemCoreClockUpdate), (8 bytes).
    Removing system_stm32f10x.o(.ARM.exidx.text.SetSysClockTo72), (8 bytes).
    Removing system_stm32f10x.o(.data.SystemCoreClock), (4 bytes).
    Removing system_stm32f10x.o(.rodata.AHBPrescTable), (16 bytes).
    Removing f2d.o(.text), (38 bytes).

57 unused section(s) (total 1728 bytes) removed from the image.

==============================================================================

Image Symbol Table

    Local Symbols

    Symbol Name                              Value     Ov Type        Size  Object(Section)

    ../clib/division.s                       0x00000000   Number         0  aeabi_sdiv.o ABSOLUTE
    ../clib/microlib/division.c              0x00000000   Number         0  uidiv.o ABSOLUTE
    ../clib/microlib/division.c              0x00000000   Number         0  uldiv.o ABSOLUTE
    ../clib/microlib/init/entry.s            0x00000000   Number         0  entry.o ABSOLUTE
    ../clib/microlib/init/entry.s            0x00000000   Number         0  entry2.o ABSOLUTE
    ../clib/microlib/init/entry.s            0x00000000   Number         0  entry5.o ABSOLUTE
    ../clib/microlib/init/entry.s            0x00000000   Number         0  entry7a.o ABSOLUTE
    ../clib/microlib/init/entry.s            0x00000000   Number         0  entry7b.o ABSOLUTE
    ../clib/microlib/init/entry.s            0x00000000   Number         0  entry8a.o ABSOLUTE
    ../clib/microlib/init/entry.s            0x00000000   Number         0  entry8b.o ABSOLUTE
    ../clib/microlib/init/entry.s            0x00000000   Number         0  entry9a.o ABSOLUTE
    ../clib/microlib/init/entry.s            0x00000000   Number         0  entry9b.o ABSOLUTE
    ../clib/microlib/init/entry.s            0x00000000   Number         0  entry10a.o ABSOLUTE
    ../clib/microlib/init/entry.s            0x00000000   Number         0  entry10b.o ABSOLUTE
    ../clib/microlib/init/entry.s            0x00000000   Number         0  entry11a.o ABSOLUTE
    ../clib/microlib/init/entry.s            0x00000000   Number         0  entry11b.o ABSOLUTE
    ../clib/microlib/longlong.c              0x00000000   Number         0  llshl.o ABSOLUTE
    ../clib/microlib/longlong.c              0x00000000   Number         0  llushr.o ABSOLUTE
    ../clib/microlib/longlong.c              0x00000000   Number         0  llsshr.o ABSOLUTE
    ../clib/microlib/printf/printf.c         0x00000000   Number         0  printfa.o ABSOLUTE
    ../clib/microlib/stdio/fputc.c           0x00000000   Number         0  fputc.o ABSOLUTE
    ../clib/microlib/stdio/fputc.c           0x00000000   Number         0  fputc_h.o ABSOLUTE
    ../clib/microlib/stdio/semi.s            0x00000000   Number         0  semi.o ABSOLUTE
    ../clib/microlib/stdio/streams.c         0x00000000   Number         0  stdout.o ABSOLUTE
    ../clib/microlib/stubs.s                 0x00000000   Number         0  iusefp.o ABSOLUTE
    ../clib/microlib/stubs.s                 0x00000000   Number         0  iusesemip.o ABSOLUTE
    ../fplib/microlib/f2d.c                  0x00000000   Number         0  f2d.o ABSOLUTE
    ../fplib/microlib/fpadd.c                0x00000000   Number         0  dadd.o ABSOLUTE
    ../fplib/microlib/fpdiv.c                0x00000000   Number         0  ddiv.o ABSOLUTE
    ../fplib/microlib/fpepilogue.c           0x00000000   Number         0  depilogue.o ABSOLUTE
    ../fplib/microlib/fpfix.c                0x00000000   Number         0  dfixul.o ABSOLUTE
    ../fplib/microlib/fpmul.c                0x00000000   Number         0  dmul.o ABSOLUTE
    LCDFunctions.c                           0x00000000   Number         0  lcdfunctions.o ABSOLUTE
    RTE/Device/STM32F103C8/startup_stm32f10x_md.s 0x00000000   Number         0  startup_stm32f10x_md.o ABSOLUTE
    cdrcmple.s                               0x00000000   Number         0  cdrcmple.o ABSOLUTE
    dc.s                                     0x00000000   Number         0  dc.o ABSOLUTE
    handlers.s                               0x00000000   Number         0  handlers.o ABSOLUTE
    init.s                                   0x00000000   Number         0  init.o ABSOLUTE
    main.c                                   0x00000000   Number         0  main.o ABSOLUTE
    stm32f103xx_gpio_driver.c                0x00000000   Number         0  stm32f103xx_gpio_driver.o ABSOLUTE
    system_stm32f10x.c                       0x00000000   Number         0  system_stm32f10x.o ABSOLUTE
    RESET                                    0x08000000   Section      236  startup_stm32f10x_md.o(RESET)
    .ARM.Collect$$$$00000000                 0x080000ec   Section        0  entry.o(.ARM.Collect$$$$00000000)
    .ARM.Collect$$$$00000001                 0x080000ec   Section        4  entry2.o(.ARM.Collect$$$$00000001)
    .ARM.Collect$$$$00000004                 0x080000f0   Section        4  entry5.o(.ARM.Collect$$$$00000004)
    .ARM.Collect$$$$00000008                 0x080000f4   Section        0  entry7b.o(.ARM.Collect$$$$00000008)
    .ARM.Collect$$$$0000000A                 0x080000f4   Section        0  entry8b.o(.ARM.Collect$$$$0000000A)
    .ARM.Collect$$$$0000000B                 0x080000f4   Section        8  entry9a.o(.ARM.Collect$$$$0000000B)
    __lit__00000000                          0x080000fc   Data           4  entry2.o(.ARM.Collect$$$$00002712)
    .ARM.Collect$$$$0000000D                 0x080000fc   Section        0  entry10a.o(.ARM.Collect$$$$0000000D)
    .ARM.Collect$$$$0000000F                 0x080000fc   Section        0  entry11a.o(.ARM.Collect$$$$0000000F)
    .ARM.Collect$$$$00002712                 0x080000fc   Section        4  entry2.o(.ARM.Collect$$$$00002712)
    .text                                    0x08000100   Section       36  startup_stm32f10x_md.o(.text)
    .text                                    0x08000124   Section        0  uidiv.o(.text)
    .text                                    0x08000150   Section        0  uldiv.o(.text)
    .text                                    0x080001b2   Section        0  iusefp.o(.text)
    .text                                    0x080001b2   Section        0  dadd.o(.text)
    .text                                    0x08000300   Section        0  dmul.o(.text)
    .text                                    0x080003e4   Section        0  ddiv.o(.text)
    .text                                    0x080004c2   Section        0  dfixul.o(.text)
    .text                                    0x080004f4   Section       48  cdrcmple.o(.text)
    .text                                    0x08000524   Section       36  init.o(.text)
    .text                                    0x08000548   Section        0  llshl.o(.text)
    .text                                    0x08000566   Section        0  llushr.o(.text)
    .text                                    0x08000586   Section        0  llsshr.o(.text)
    .text                                    0x080005aa   Section        0  depilogue.o(.text)
    [Anonymous Symbol]                       0x08000664   Section        0  main.o(.text.DelayMilisec)
    [Anonymous Symbol]                       0x08000794   Section        0  main.o(.text.EXTI9_5_IRQHandler)
    [Anonymous Symbol]                       0x080007c4   Section        0  stm32f103xx_gpio_driver.o(.text.GPIO_IRQConfig)
    [Anonymous Symbol]                       0x08000890   Section        0  stm32f103xx_gpio_driver.o(.text.GPIO_IRQHandling)
    [Anonymous Symbol]                       0x080008cc   Section        0  stm32f103xx_gpio_driver.o(.text.GPIO_IRQ_PriorityConfig)
    [Anonymous Symbol]                       0x0800091c   Section        0  stm32f103xx_gpio_driver.o(.text.GPIO_Initialize)
    [Anonymous Symbol]                       0x08000fac   Section        0  stm32f103xx_gpio_driver.o(.text.GPIO_PeripClockControl)
    [Anonymous Symbol]                       0x080010e4   Section        0  lcdfunctions.o(.text.InitializingPortsForLCD)
    [Anonymous Symbol]                       0x08001154   Section        0  lcdfunctions.o(.text.LCDBegin)
    [Anonymous Symbol]                       0x08001178   Section        0  lcdfunctions.o(.text.LCDByte)
    [Anonymous Symbol]                       0x08001234   Section        0  lcdfunctions.o(.text.LCDCharacterMode)
    [Anonymous Symbol]                       0x08001248   Section        0  lcdfunctions.o(.text.LCDClear)
    [Anonymous Symbol]                       0x08001258   Section        0  lcdfunctions.o(.text.LCDCommandMode)
    [Anonymous Symbol]                       0x0800126c   Section        0  lcdfunctions.o(.text.LCDEnable)
    [Anonymous Symbol]                       0x0800128c   Section        0  lcdfunctions.o(.text.LCDSendCharacter)
    [Anonymous Symbol]                       0x080012b4   Section        0  lcdfunctions.o(.text.LCDSendCommand)
    [Anonymous Symbol]                       0x080012dc   Section        0  lcdfunctions.o(.text.LCDSendInteger)
    [Anonymous Symbol]                       0x08001354   Section        0  lcdfunctions.o(.text.LCDSendString)
    [Anonymous Symbol]                       0x08001378   Section        0  lcdfunctions.o(.text.LCDSetCursorPosition)
    [Anonymous Symbol]                       0x080013a8   Section        0  lcdfunctions.o(.text.LCDSetToWrite)
    [Anonymous Symbol]                       0x080013bc   Section        0  main.o(.text.MX_GPIO_Config)
    [Anonymous Symbol]                       0x08001528   Section        0  lcdfunctions.o(.text.NotExactDelay)
    [Anonymous Symbol]                       0x0800154c   Section        0  lcdfunctions.o(.text.SendBitToPortandPin)
    [Anonymous Symbol]                       0x0800157c   Section        0  lcdfunctions.o(.text.SetPinandPortForOutputPushPull)
    SetSysClock                              0x08001681   Thumb Code     8  system_stm32f10x.o(.text.SetSysClock)
    [Anonymous Symbol]                       0x08001680   Section        0  system_stm32f10x.o(.text.SetSysClock)
    SetSysClockTo72                          0x08001689   Thumb Code   290  system_stm32f10x.o(.text.SetSysClockTo72)
    [Anonymous Symbol]                       0x08001688   Section        0  system_stm32f10x.o(.text.SetSysClockTo72)
    [Anonymous Symbol]                       0x080017ac   Section        0  system_stm32f10x.o(.text.SystemInit)
    [Anonymous Symbol]                       0x08001814   Section        0  main.o(.text.main)
    i.__0sprintf                             0x080018e4   Section        0  printfa.o(i.__0sprintf)
    i.__scatterload_copy                     0x0800190c   Section       14  handlers.o(i.__scatterload_copy)
    i.__scatterload_null                     0x0800191a   Section        2  handlers.o(i.__scatterload_null)
    i.__scatterload_zeroinit                 0x0800191c   Section       14  handlers.o(i.__scatterload_zeroinit)
    _fp_digits                               0x0800192d   Thumb Code   366  printfa.o(i._fp_digits)
    i._fp_digits                             0x0800192c   Section        0  printfa.o(i._fp_digits)
    _printf_core                             0x08001ab1   Thumb Code  1744  printfa.o(i._printf_core)
    i._printf_core                           0x08001ab0   Section        0  printfa.o(i._printf_core)
    _printf_post_padding                     0x0800218d   Thumb Code    36  printfa.o(i._printf_post_padding)
    i._printf_post_padding                   0x0800218c   Section        0  printfa.o(i._printf_post_padding)
    _printf_pre_padding                      0x080021b1   Thumb Code    46  printfa.o(i._printf_pre_padding)
    i._printf_pre_padding                    0x080021b0   Section        0  printfa.o(i._printf_pre_padding)
    _sputc                                   0x080021df   Thumb Code    10  printfa.o(i._sputc)
    i._sputc                                 0x080021de   Section        0  printfa.o(i._sputc)
    .L.str                                   0x080022b8   Data           3  main.o(.rodata.str1.1)
    [Anonymous Symbol]                       0x080022b8   Section        0  main.o(.rodata.str1.1)
    .L.str.1                                 0x080022bb   Data           4  lcdfunctions.o(.rodata.str1.1)
    [Anonymous Symbol]                       0x080022bb   Section        0  lcdfunctions.o(.rodata.str1.1)
    .L.str                                   0x080022bc   Data           3  lcdfunctions.o(.rodata.str1.1)
    .L.str.2                                 0x080022c2   Data           3  lcdfunctions.o(.rodata.str1.1)
    AllRed                                   0x20000020   Data           4  main.o(.bss.AllRed)
    [Anonymous Symbol]                       0x20000020   Section        0  main.o(.bss.AllRed)
    BeforeInput                              0x20000024   Data           4  main.o(.bss.BeforeInput)
    [Anonymous Symbol]                       0x20000024   Section        0  main.o(.bss.BeforeInput)
    Counter                                  0x20000028   Data           4  main.o(.bss.Counter)
    [Anonymous Symbol]                       0x20000028   Section        0  main.o(.bss.Counter)
    GreenSouth                               0x2000002c   Data           4  main.o(.bss.GreenSouth)
    [Anonymous Symbol]                       0x2000002c   Section        0  main.o(.bss.GreenSouth)
    GreenWalk                                0x20000030   Data           4  main.o(.bss.GreenWalk)
    [Anonymous Symbol]                       0x20000030   Section        0  main.o(.bss.GreenWalk)
    GreenWest                                0x20000034   Data           4  main.o(.bss.GreenWest)
    [Anonymous Symbol]                       0x20000034   Section        0  main.o(.bss.GreenWest)
    Input                                    0x20000038   Data           4  main.o(.bss.Input)
    [Anonymous Symbol]                       0x20000038   Section        0  main.o(.bss.Input)
    STACK                                    0x20000040   Section     1024  startup_stm32f10x_md.o(STACK)

    Global Symbols

    Symbol Name                              Value     Ov Type        Size  Object(Section)

    BuildAttributes$$THM_ISAv4$P$D$K$B$S$PE$A:L22UL41UL21$X:L11$S22US41US21$IEEE1$IW$~IW$USESV6$~STKCKD$USESV7$~SHL$OSPACE$ROPI$EBA8$MICROLIB$REQ8$PRES8$EABIv2 0x00000000   Number         0  anon$$obj.o ABSOLUTE
    __cpp_initialize__aeabi_                  - Undefined Weak Reference
    __cxa_finalize                            - Undefined Weak Reference
    __decompress                              - Undefined Weak Reference
    _clock_init                               - Undefined Weak Reference
    _microlib_exit                            - Undefined Weak Reference
    __Vectors_Size                           0x000000ec   Number         0  startup_stm32f10x_md.o ABSOLUTE
    __Vectors                                0x08000000   Data           4  startup_stm32f10x_md.o(RESET)
    __Vectors_End                            0x080000ec   Data           0  startup_stm32f10x_md.o(RESET)
    __main                                   0x080000ed   Thumb Code     0  entry.o(.ARM.Collect$$$$00000000)
    _main_stk                                0x080000ed   Thumb Code     0  entry2.o(.ARM.Collect$$$$00000001)
    _main_scatterload                        0x080000f1   Thumb Code     0  entry5.o(.ARM.Collect$$$$00000004)
    __main_after_scatterload                 0x080000f5   Thumb Code     0  entry5.o(.ARM.Collect$$$$00000004)
    _main_clock                              0x080000f5   Thumb Code     0  entry7b.o(.ARM.Collect$$$$00000008)
    _main_cpp_init                           0x080000f5   Thumb Code     0  entry8b.o(.ARM.Collect$$$$0000000A)
    _main_init                               0x080000f5   Thumb Code     0  entry9a.o(.ARM.Collect$$$$0000000B)
    __rt_final_cpp                           0x080000fd   Thumb Code     0  entry10a.o(.ARM.Collect$$$$0000000D)
    __rt_final_exit                          0x080000fd   Thumb Code     0  entry11a.o(.ARM.Collect$$$$0000000F)
    Reset_Handler                            0x08000101   Thumb Code     8  startup_stm32f10x_md.o(.text)
    NMI_Handler                              0x08000109   Thumb Code     2  startup_stm32f10x_md.o(.text)
    HardFault_Handler                        0x0800010b   Thumb Code     2  startup_stm32f10x_md.o(.text)
    MemManage_Handler                        0x0800010d   Thumb Code     2  startup_stm32f10x_md.o(.text)
    BusFault_Handler                         0x0800010f   Thumb Code     2  startup_stm32f10x_md.o(.text)
    UsageFault_Handler                       0x08000111   Thumb Code     2  startup_stm32f10x_md.o(.text)
    SVC_Handler                              0x08000113   Thumb Code     2  startup_stm32f10x_md.o(.text)
    DebugMon_Handler                         0x08000115   Thumb Code     2  startup_stm32f10x_md.o(.text)
    PendSV_Handler                           0x08000117   Thumb Code     2  startup_stm32f10x_md.o(.text)
    SysTick_Handler                          0x08000119   Thumb Code     2  startup_stm32f10x_md.o(.text)
    ADC1_2_IRQHandler                        0x0800011b   Thumb Code     0  startup_stm32f10x_md.o(.text)
    CAN1_RX1_IRQHandler                      0x0800011b   Thumb Code     0  startup_stm32f10x_md.o(.text)
    CAN1_SCE_IRQHandler                      0x0800011b   Thumb Code     0  startup_stm32f10x_md.o(.text)
    DMA1_Channel1_IRQHandler                 0x0800011b   Thumb Code     0  startup_stm32f10x_md.o(.text)
    DMA1_Channel2_IRQHandler                 0x0800011b   Thumb Code     0  startup_stm32f10x_md.o(.text)
    DMA1_Channel3_IRQHandler                 0x0800011b   Thumb Code     0  startup_stm32f10x_md.o(.text)
    DMA1_Channel4_IRQHandler                 0x0800011b   Thumb Code     0  startup_stm32f10x_md.o(.text)
    DMA1_Channel5_IRQHandler                 0x0800011b   Thumb Code     0  startup_stm32f10x_md.o(.text)
    DMA1_Channel6_IRQHandler                 0x0800011b   Thumb Code     0  startup_stm32f10x_md.o(.text)
    DMA1_Channel7_IRQHandler                 0x0800011b   Thumb Code     0  startup_stm32f10x_md.o(.text)
    EXTI0_IRQHandler                         0x0800011b   Thumb Code     0  startup_stm32f10x_md.o(.text)
    EXTI15_10_IRQHandler                     0x0800011b   Thumb Code     0  startup_stm32f10x_md.o(.text)
    EXTI1_IRQHandler                         0x0800011b   Thumb Code     0  startup_stm32f10x_md.o(.text)
    EXTI2_IRQHandler                         0x0800011b   Thumb Code     0  startup_stm32f10x_md.o(.text)
    EXTI3_IRQHandler                         0x0800011b   Thumb Code     0  startup_stm32f10x_md.o(.text)
    EXTI4_IRQHandler                         0x0800011b   Thumb Code     0  startup_stm32f10x_md.o(.text)
    FLASH_IRQHandler                         0x0800011b   Thumb Code     0  startup_stm32f10x_md.o(.text)
    I2C1_ER_IRQHandler                       0x0800011b   Thumb Code     0  startup_stm32f10x_md.o(.text)
    I2C1_EV_IRQHandler                       0x0800011b   Thumb Code     0  startup_stm32f10x_md.o(.text)
    I2C2_ER_IRQHandler                       0x0800011b   Thumb Code     0  startup_stm32f10x_md.o(.text)
    I2C2_EV_IRQHandler                       0x0800011b   Thumb Code     0  startup_stm32f10x_md.o(.text)
    PVD_IRQHandler                           0x0800011b   Thumb Code     0  startup_stm32f10x_md.o(.text)
    RCC_IRQHandler                           0x0800011b   Thumb Code     0  startup_stm32f10x_md.o(.text)
    RTCAlarm_IRQHandler                      0x0800011b   Thumb Code     0  startup_stm32f10x_md.o(.text)
    RTC_IRQHandler                           0x0800011b   Thumb Code     0  startup_stm32f10x_md.o(.text)
    SPI1_IRQHandler                          0x0800011b   Thumb Code     0  startup_stm32f10x_md.o(.text)
    SPI2_IRQHandler                          0x0800011b   Thumb Code     0  startup_stm32f10x_md.o(.text)
    TAMPER_IRQHandler                        0x0800011b   Thumb Code     0  startup_stm32f10x_md.o(.text)
    TIM1_BRK_IRQHandler                      0x0800011b   Thumb Code     0  startup_stm32f10x_md.o(.text)
    TIM1_CC_IRQHandler                       0x0800011b   Thumb Code     0  startup_stm32f10x_md.o(.text)
    TIM1_TRG_COM_IRQHandler                  0x0800011b   Thumb Code     0  startup_stm32f10x_md.o(.text)
    TIM1_UP_IRQHandler                       0x0800011b   Thumb Code     0  startup_stm32f10x_md.o(.text)
    TIM2_IRQHandler                          0x0800011b   Thumb Code     0  startup_stm32f10x_md.o(.text)
    TIM3_IRQHandler                          0x0800011b   Thumb Code     0  startup_stm32f10x_md.o(.text)
    TIM4_IRQHandler                          0x0800011b   Thumb Code     0  startup_stm32f10x_md.o(.text)
    USART1_IRQHandler                        0x0800011b   Thumb Code     0  startup_stm32f10x_md.o(.text)
    USART2_IRQHandler                        0x0800011b   Thumb Code     0  startup_stm32f10x_md.o(.text)
    USART3_IRQHandler                        0x0800011b   Thumb Code     0  startup_stm32f10x_md.o(.text)
    USBWakeUp_IRQHandler                     0x0800011b   Thumb Code     0  startup_stm32f10x_md.o(.text)
    USB_HP_CAN1_TX_IRQHandler                0x0800011b   Thumb Code     0  startup_stm32f10x_md.o(.text)
    USB_LP_CAN1_RX0_IRQHandler               0x0800011b   Thumb Code     0  startup_stm32f10x_md.o(.text)
    WWDG_IRQHandler                          0x0800011b   Thumb Code     0  startup_stm32f10x_md.o(.text)
    __aeabi_uidiv                            0x08000125   Thumb Code     0  uidiv.o(.text)
    __aeabi_uidivmod                         0x08000125   Thumb Code    44  uidiv.o(.text)
    __aeabi_uldivmod                         0x08000151   Thumb Code    98  uldiv.o(.text)
    __I$use$fp                               0x080001b3   Thumb Code     0  iusefp.o(.text)
    __aeabi_dadd                             0x080001b3   Thumb Code   322  dadd.o(.text)
    __aeabi_dsub                             0x080002f5   Thumb Code     6  dadd.o(.text)
    __aeabi_drsub                            0x080002fb   Thumb Code     6  dadd.o(.text)
    __aeabi_dmul                             0x08000301   Thumb Code   228  dmul.o(.text)
    __aeabi_ddiv                             0x080003e5   Thumb Code   222  ddiv.o(.text)
    __aeabi_d2ulz                            0x080004c3   Thumb Code    48  dfixul.o(.text)
    __aeabi_cdrcmple                         0x080004f5   Thumb Code    48  cdrcmple.o(.text)
    __scatterload                            0x08000525   Thumb Code    28  init.o(.text)
    __scatterload_rt2                        0x08000525   Thumb Code     0  init.o(.text)
    __aeabi_llsl                             0x08000549   Thumb Code    30  llshl.o(.text)
    _ll_shift_l                              0x08000549   Thumb Code     0  llshl.o(.text)
    __aeabi_llsr                             0x08000567   Thumb Code    32  llushr.o(.text)
    _ll_ushift_r                             0x08000567   Thumb Code     0  llushr.o(.text)
    __aeabi_lasr                             0x08000587   Thumb Code    36  llsshr.o(.text)
    _ll_sshift_r                             0x08000587   Thumb Code     0  llsshr.o(.text)
    _double_round                            0x080005ab   Thumb Code    30  depilogue.o(.text)
    _double_epilogue                         0x080005c9   Thumb Code   156  depilogue.o(.text)
    DelayMilisec                             0x08000665   Thumb Code   304  main.o(.text.DelayMilisec)
    EXTI9_5_IRQHandler                       0x08000795   Thumb Code    46  main.o(.text.EXTI9_5_IRQHandler)
    GPIO_IRQConfig                           0x080007c5   Thumb Code   204  stm32f103xx_gpio_driver.o(.text.GPIO_IRQConfig)
    GPIO_IRQHandling                         0x08000891   Thumb Code    58  stm32f103xx_gpio_driver.o(.text.GPIO_IRQHandling)
    GPIO_IRQ_PriorityConfig                  0x080008cd   Thumb Code    78  stm32f103xx_gpio_driver.o(.text.GPIO_IRQ_PriorityConfig)
    GPIO_Initialize                          0x0800091d   Thumb Code  1680  stm32f103xx_gpio_driver.o(.text.GPIO_Initialize)
    GPIO_PeripClockControl                   0x08000fad   Thumb Code   310  stm32f103xx_gpio_driver.o(.text.GPIO_PeripClockControl)
    InitializingPortsForLCD                  0x080010e5   Thumb Code   112  lcdfunctions.o(.text.InitializingPortsForLCD)
    LCDBegin                                 0x08001155   Thumb Code    36  lcdfunctions.o(.text.LCDBegin)
    LCDByte                                  0x08001179   Thumb Code   188  lcdfunctions.o(.text.LCDByte)
    LCDCharacterMode                         0x08001235   Thumb Code    20  lcdfunctions.o(.text.LCDCharacterMode)
    LCDClear                                 0x08001249   Thumb Code    16  lcdfunctions.o(.text.LCDClear)
    LCDCommandMode                           0x08001259   Thumb Code    20  lcdfunctions.o(.text.LCDCommandMode)
    LCDEnable                                0x0800126d   Thumb Code    32  lcdfunctions.o(.text.LCDEnable)
    LCDSendCharacter                         0x0800128d   Thumb Code    38  lcdfunctions.o(.text.LCDSendCharacter)
    LCDSendCommand                           0x080012b5   Thumb Code    38  lcdfunctions.o(.text.LCDSendCommand)
    LCDSendInteger                           0x080012dd   Thumb Code   120  lcdfunctions.o(.text.LCDSendInteger)
    LCDSendString                            0x08001355   Thumb Code    34  lcdfunctions.o(.text.LCDSendString)
    LCDSetCursorPosition                     0x08001379   Thumb Code    46  lcdfunctions.o(.text.LCDSetCursorPosition)
    LCDSetToWrite                            0x080013a9   Thumb Code    20  lcdfunctions.o(.text.LCDSetToWrite)
    MX_GPIO_Config                           0x080013bd   Thumb Code   364  main.o(.text.MX_GPIO_Config)
    NotExactDelay                            0x08001529   Thumb Code    34  lcdfunctions.o(.text.NotExactDelay)
    SendBitToPortandPin                      0x0800154d   Thumb Code    46  lcdfunctions.o(.text.SendBitToPortandPin)
    SetPinandPortForOutputPushPull           0x0800157d   Thumb Code   260  lcdfunctions.o(.text.SetPinandPortForOutputPushPull)
    SystemInit                               0x080017ad   Thumb Code   102  system_stm32f10x.o(.text.SystemInit)
    main                                     0x08001815   Thumb Code   206  main.o(.text.main)
    __0sprintf                               0x080018e5   Thumb Code    34  printfa.o(i.__0sprintf)
    __1sprintf                               0x080018e5   Thumb Code     0  printfa.o(i.__0sprintf)
    __2sprintf                               0x080018e5   Thumb Code     0  printfa.o(i.__0sprintf)
    __c89sprintf                             0x080018e5   Thumb Code     0  printfa.o(i.__0sprintf)
    sprintf                                  0x080018e5   Thumb Code     0  printfa.o(i.__0sprintf)
    __scatterload_copy                       0x0800190d   Thumb Code    14  handlers.o(i.__scatterload_copy)
    __scatterload_null                       0x0800191b   Thumb Code     2  handlers.o(i.__scatterload_null)
    __scatterload_zeroinit                   0x0800191d   Thumb Code    14  handlers.o(i.__scatterload_zeroinit)
    FSM                                      0x080021e8   Data         208  main.o(.rodata.FSM)
    Region$$Table$$Base                      0x080022c0   Number         0  anon$$obj.o(Region$$Table)
    Region$$Table$$Limit                     0x080022e0   Number         0  anon$$obj.o(Region$$Table)
    pinpos                                   0x20000000   Data          32  lcdfunctions.o(.data.pinpos)
    __initial_sp                             0x20000440   Data           0  startup_stm32f10x_md.o(STACK)



==============================================================================

Memory Map of the image

  Image Entry point : 0x080000ed

  Load Region LR_IROM1 (Base: 0x08000000, Size: 0x00002300, Max: 0x00010000, ABSOLUTE)

    Execution Region ER_IROM1 (Exec base: 0x08000000, Load base: 0x08000000, Size: 0x000022e0, Max: 0x00010000, ABSOLUTE)

    Exec Addr    Load Addr    Size         Type   Attr      Idx    E Section Name        Object

    0x08000000   0x08000000   0x000000ec   Data   RO          105    RESET               startup_stm32f10x_md.o
    0x080000ec   0x080000ec   0x00000000   Code   RO          129  * .ARM.Collect$$$$00000000  mc_w.l(entry.o)
    0x080000ec   0x080000ec   0x00000004   Code   RO          162    .ARM.Collect$$$$00000001  mc_w.l(entry2.o)
    0x080000f0   0x080000f0   0x00000004   Code   RO          165    .ARM.Collect$$$$00000004  mc_w.l(entry5.o)
    0x080000f4   0x080000f4   0x00000000   Code   RO          167    .ARM.Collect$$$$00000008  mc_w.l(entry7b.o)
    0x080000f4   0x080000f4   0x00000000   Code   RO          169    .ARM.Collect$$$$0000000A  mc_w.l(entry8b.o)
    0x080000f4   0x080000f4   0x00000008   Code   RO          170    .ARM.Collect$$$$0000000B  mc_w.l(entry9a.o)
    0x080000fc   0x080000fc   0x00000000   Code   RO          172    .ARM.Collect$$$$0000000D  mc_w.l(entry10a.o)
    0x080000fc   0x080000fc   0x00000000   Code   RO          174    .ARM.Collect$$$$0000000F  mc_w.l(entry11a.o)
    0x080000fc   0x080000fc   0x00000004   Code   RO          163    .ARM.Collect$$$$00002712  mc_w.l(entry2.o)
    0x08000100   0x08000100   0x00000024   Code   RO          106    .text               startup_stm32f10x_md.o
    0x08000124   0x08000124   0x0000002c   Code   RO          190    .text               mc_w.l(uidiv.o)
    0x08000150   0x08000150   0x00000062   Code   RO          192    .text               mc_w.l(uldiv.o)
    0x080001b2   0x080001b2   0x00000000   Code   RO          194    .text               mc_w.l(iusefp.o)
    0x080001b2   0x080001b2   0x0000014e   Code   RO          195    .text               mf_w.l(dadd.o)
    0x08000300   0x08000300   0x000000e4   Code   RO          197    .text               mf_w.l(dmul.o)
    0x080003e4   0x080003e4   0x000000de   Code   RO          199    .text               mf_w.l(ddiv.o)
    0x080004c2   0x080004c2   0x00000030   Code   RO          201    .text               mf_w.l(dfixul.o)
    0x080004f2   0x080004f2   0x00000002   PAD
    0x080004f4   0x080004f4   0x00000030   Code   RO          203    .text               mf_w.l(cdrcmple.o)
    0x08000524   0x08000524   0x00000024   Code   RO          205    .text               mc_w.l(init.o)
    0x08000548   0x08000548   0x0000001e   Code   RO          208    .text               mc_w.l(llshl.o)
    0x08000566   0x08000566   0x00000020   Code   RO          210    .text               mc_w.l(llushr.o)
    0x08000586   0x08000586   0x00000024   Code   RO          212    .text               mc_w.l(llsshr.o)
    0x080005aa   0x080005aa   0x000000ba   Code   RO          215    .text               mf_w.l(depilogue.o)
    0x08000664   0x08000664   0x00000130   Code   RO           37    .text.DelayMilisec  main.o
    0x08000794   0x08000794   0x0000002e   Code   RO           35    .text.EXTI9_5_IRQHandler  main.o
    0x080007c2   0x080007c2   0x00000002   PAD
    0x080007c4   0x080007c4   0x000000cc   Code   RO           18    .text.GPIO_IRQConfig  stm32f103xx_gpio_driver.o
    0x08000890   0x08000890   0x0000003a   Code   RO           20    .text.GPIO_IRQHandling  stm32f103xx_gpio_driver.o
    0x080008ca   0x080008ca   0x00000002   PAD
    0x080008cc   0x080008cc   0x0000004e   Code   RO           22    .text.GPIO_IRQ_PriorityConfig  stm32f103xx_gpio_driver.o
    0x0800091a   0x0800091a   0x00000002   PAD
    0x0800091c   0x0800091c   0x00000690   Code   RO            4    .text.GPIO_Initialize  stm32f103xx_gpio_driver.o
    0x08000fac   0x08000fac   0x00000136   Code   RO            2    .text.GPIO_PeripClockControl  stm32f103xx_gpio_driver.o
    0x080010e2   0x080010e2   0x00000002   PAD
    0x080010e4   0x080010e4   0x00000070   Code   RO           60    .text.InitializingPortsForLCD  lcdfunctions.o
    0x08001154   0x08001154   0x00000024   Code   RO           82    .text.LCDBegin      lcdfunctions.o
    0x08001178   0x08001178   0x000000bc   Code   RO           74    .text.LCDByte       lcdfunctions.o
    0x08001234   0x08001234   0x00000014   Code   RO           72    .text.LCDCharacterMode  lcdfunctions.o
    0x08001248   0x08001248   0x00000010   Code   RO           80    .text.LCDClear      lcdfunctions.o
    0x08001258   0x08001258   0x00000014   Code   RO           70    .text.LCDCommandMode  lcdfunctions.o
    0x0800126c   0x0800126c   0x00000020   Code   RO           64    .text.LCDEnable     lcdfunctions.o
    0x0800128c   0x0800128c   0x00000026   Code   RO           76    .text.LCDSendCharacter  lcdfunctions.o
    0x080012b2   0x080012b2   0x00000002   PAD
    0x080012b4   0x080012b4   0x00000026   Code   RO           78    .text.LCDSendCommand  lcdfunctions.o
    0x080012da   0x080012da   0x00000002   PAD
    0x080012dc   0x080012dc   0x00000078   Code   RO           86    .text.LCDSendInteger  lcdfunctions.o
    0x08001354   0x08001354   0x00000022   Code   RO           84    .text.LCDSendString  lcdfunctions.o
    0x08001376   0x08001376   0x00000002   PAD
    0x08001378   0x08001378   0x0000002e   Code   RO           92    .text.LCDSetCursorPosition  lcdfunctions.o
    0x080013a6   0x080013a6   0x00000002   PAD
    0x080013a8   0x080013a8   0x00000014   Code   RO           66    .text.LCDSetToWrite  lcdfunctions.o
    0x080013bc   0x080013bc   0x0000016c   Code   RO           33    .text.MX_GPIO_Config  main.o
    0x08001528   0x08001528   0x00000022   Code   RO           56    .text.NotExactDelay  lcdfunctions.o
    0x0800154a   0x0800154a   0x00000002   PAD
    0x0800154c   0x0800154c   0x0000002e   Code   RO           62    .text.SendBitToPortandPin  lcdfunctions.o
    0x0800157a   0x0800157a   0x00000002   PAD
    0x0800157c   0x0800157c   0x00000104   Code   RO           58    .text.SetPinandPortForOutputPushPull  lcdfunctions.o
    0x08001680   0x08001680   0x00000008   Code   RO          115    .text.SetSysClock   system_stm32f10x.o
    0x08001688   0x08001688   0x00000122   Code   RO          119    .text.SetSysClockTo72  system_stm32f10x.o
    0x080017aa   0x080017aa   0x00000002   PAD
    0x080017ac   0x080017ac   0x00000066   Code   RO          113    .text.SystemInit    system_stm32f10x.o
    0x08001812   0x08001812   0x00000002   PAD
    0x08001814   0x08001814   0x000000ce   Code   RO           31    .text.main          main.o
    0x080018e2   0x080018e2   0x00000002   PAD
    0x080018e4   0x080018e4   0x00000028   Code   RO          135    i.__0sprintf        mc_w.l(printfa.o)
    0x0800190c   0x0800190c   0x0000000e   Code   RO          219    i.__scatterload_copy  mc_w.l(handlers.o)
    0x0800191a   0x0800191a   0x00000002   Code   RO          220    i.__scatterload_null  mc_w.l(handlers.o)
    0x0800191c   0x0800191c   0x0000000e   Code   RO          221    i.__scatterload_zeroinit  mc_w.l(handlers.o)
    0x0800192a   0x0800192a   0x00000002   PAD
    0x0800192c   0x0800192c   0x00000184   Code   RO          140    i._fp_digits        mc_w.l(printfa.o)
    0x08001ab0   0x08001ab0   0x000006dc   Code   RO          141    i._printf_core      mc_w.l(printfa.o)
    0x0800218c   0x0800218c   0x00000024   Code   RO          142    i._printf_post_padding  mc_w.l(printfa.o)
    0x080021b0   0x080021b0   0x0000002e   Code   RO          143    i._printf_pre_padding  mc_w.l(printfa.o)
    0x080021de   0x080021de   0x0000000a   Code   RO          145    i._sputc            mc_w.l(printfa.o)
    0x080021e8   0x080021e8   0x000000d0   Data   RO           39    .rodata.FSM         main.o
    0x080022b8   0x080022b8   0x00000003   Data   RO           47    .rodata.str1.1      main.o
    0x080022bb   0x080022bb   0x00000004   Data   RO           95    .rodata.str1.1      lcdfunctions.o
    0x080022bf   0x080022bf   0x00000001   PAD
    0x080022c0   0x080022c0   0x00000020   Data   RO          218    Region$$Table       anon$$obj.o


    Execution Region RW_IRAM1 (Exec base: 0x20000000, Load base: 0x080022e0, Size: 0x00000440, Max: 0x00005000, ABSOLUTE)

    Exec Addr    Load Addr    Size         Type   Attr      Idx    E Section Name        Object

    0x20000000   0x080022e0   0x00000020   Data   RW           94    .data.pinpos        lcdfunctions.o
    0x20000020        -       0x00000004   Zero   RW           40    .bss.AllRed         main.o
    0x20000024        -       0x00000004   Zero   RW           45    .bss.BeforeInput    main.o
    0x20000028        -       0x00000004   Zero   RW           46    .bss.Counter        main.o
    0x2000002c        -       0x00000004   Zero   RW           41    .bss.GreenSouth     main.o
    0x20000030        -       0x00000004   Zero   RW           43    .bss.GreenWalk      main.o
    0x20000034        -       0x00000004   Zero   RW           42    .bss.GreenWest      main.o
    0x20000038        -       0x00000004   Zero   RW           44    .bss.Input          main.o
    0x2000003c   0x08002300   0x00000004   PAD
    0x20000040        -       0x00000400   Zero   RW          103    STACK               startup_stm32f10x_md.o


==============================================================================

Image component sizes


      Code (inc. data)   RO Data    RW Data    ZI Data      Debug   Object Name

      1060          0          4         32          0       4163   lcdfunctions.o
       920          0        211          0         28       2364   main.o
        36          8        236          0       1024        828   startup_stm32f10x_md.o
      2330          0          0          0          0       5262   stm32f103xx_gpio_driver.o
       400          0          0          0          0       2858   system_stm32f10x.o

    ----------------------------------------------------------------------
      4772          8        484         32       1056      15475   Object Totals
         0          0         32          0          0          0   (incl. Generated)
        26          0          1          0          4          0   (incl. Padding)

    ----------------------------------------------------------------------

      Code (inc. data)   RO Data    RW Data    ZI Data      Debug   Library Member Name

         0          0          0          0          0          0   entry.o
         0          0          0          0          0          0   entry10a.o
         0          0          0          0          0          0   entry11a.o
         8          4          0          0          0          0   entry2.o
         4          0          0          0          0          0   entry5.o
         0          0          0          0          0          0   entry7b.o
         0          0          0          0          0          0   entry8b.o
         8          4          0          0          0          0   entry9a.o
        30          0          0          0          0          0   handlers.o
        36          8          0          0          0         68   init.o
         0          0          0          0          0          0   iusefp.o
        30          0          0          0          0         68   llshl.o
        36          0          0          0          0         68   llsshr.o
        32          0          0          0          0         68   llushr.o
      2276         86          0          0          0        520   printfa.o
        44          0          0          0          0         80   uidiv.o
        98          0          0          0          0         92   uldiv.o
        48          0          0          0          0         68   cdrcmple.o
       334          0          0          0          0        148   dadd.o
       222          0          0          0          0        100   ddiv.o
       186          0          0          0          0        176   depilogue.o
        48          0          0          0          0         68   dfixul.o
       228          0          0          0          0         96   dmul.o

    ----------------------------------------------------------------------
      3672        102          0          0          0       1620   Library Totals
         4          0          0          0          0          0   (incl. Padding)

    ----------------------------------------------------------------------

      Code (inc. data)   RO Data    RW Data    ZI Data      Debug   Library Name

      2602        102          0          0          0        964   mc_w.l
      1066          0          0          0          0        656   mf_w.l

    ----------------------------------------------------------------------
      3672        102          0          0          0       1620   Library Totals

    ----------------------------------------------------------------------

==============================================================================


      Code (inc. data)   RO Data    RW Data    ZI Data      Debug   

      8444        110        484         32       1056      16355   Grand Totals
      8444        110        484         32       1056      16355   ELF Image Totals
      8444        110        484         32          0          0   ROM Totals

==============================================================================

    Total RO  Size (Code + RO Data)                 8928 (   8.72kB)
    Total RW  Size (RW Data + ZI Data)              1088 (   1.06kB)
    Total ROM Size (Code + RO Data + RW Data)       8960 (   8.75kB)

==============================================================================

